Script started on Sat May 13 12:37:59 2017
[?1034hbash-3.2$ git pull
Already up-to-date.
bash-3.2$ r file[K[K[K[KFile1 [K[K[K[K[K[K[Km File1 
bash-3.2$ 
bash-3.2$ 
bash-3.2$ git pull
Already up-to-date.
bash-3.2$ 
bash-3.2$ ls -lrt
total 24
-rw-r--r--  1 ganeshbabu  staff  10 13 May 11:44 README.md
-rw-r--r--  1 ganeshbabu  staff  42 13 May 12:13 ganesh
-rw-r--r--  1 ganeshbabu  staff  43 13 May 12:37 git_commands.txt
bash-3.2$ 
bash-3.2$ 
bash-3.2$ go[Kit pull
Already up-to-date.
bash-3.2$ 
bash-3.2$ 
bash-3.2$ ls -lrt
total 24
-rw-r--r--  1 ganeshbabu  staff   10 13 May 11:44 README.md
-rw-r--r--  1 ganeshbabu  staff   42 13 May 12:13 ganesh
-rw-r--r--  1 ganeshbabu  staff  563 13 May 12:38 git_commands.txt
bash-3.2$ 
bash-3.2$ 
bash-3.2$ 
bash-3.2$ git pull
remote: Counting objects: 3, done.[K
remote: Compressing objects:  50% (1/2)   [Kremote: Compressing objects: 100% (2/2)   [Kremote: Compressing objects: 100% (2/2), done.[K
remote: Total 3 (delta 0), reused 0 (delta 0), pack-reused 0[K
Unpacking objects:  33% (1/3)   Unpacking objects:  66% (2/3)   Unpacking objects: 100% (3/3)   Unpacking objects: 100% (3/3), done.
From https://github.com/Ganesh1412/javatest
   cabd8cc..15f34cc  master     -> origin/master
Updating cabd8cc..15f34cc
Fast-forward
 File1 | 1 [32m+[m
 1 file changed, 1 insertion(+)
bash-3.2$ ls -lrt
total 32
-rw-r--r--  1 ganeshbabu  staff   10 13 May 11:44 README.md
-rw-r--r--  1 ganeshbabu  staff   42 13 May 12:13 ganesh
-rw-r--r--  1 ganeshbabu  staff  815 13 May 12:39 git_commands.txt
-rw-r--r--  1 ganeshbabu  staff   26 13 May 12:39 File1
bash-3.2$ 
bash-3.2$ 
bash-3.2$ 
bash-3.2$ git digg[K[Kff
[?1h=[K[?1l>bash-3.2$ diff [K[K[K[K[Kgit diff File1 G[Kganesh
[?1h=[K[?1l>bash-3.2$ 
bash-3.2$ 
bash-3.2$ git diff File1 ganesh[K File1 ganesh[C[C[C[C[C[C[C[C[C[C[Kscript [K[K[K[K[K[K[Kend
bash: end: command not found
bash-3.2$ 
bash-3.2$ 
bash-3.2$ exit
exit
hi
Script done on Sat May 13 12:40:51 2017
